Text written to badsql.txt
01:33:36
01:34:36
<Response [200]>
<Response [200]>
cpu_usage:  {'status': 'success', 'data': {'resultType': 'vector', 'result': [{'metric': {'instance': 'node_exporter:9100'}, 'value': [1784136896.346, '39.16666666664241']}]}}  memory_usage:  {'status': 'success', 'data': {'resultType': 'vector', 'result': [{'metric': {'instance': 'node_exporter:9100', 'job': 'node_exporter'}, 'value': [1784136896.351, '31.593711104316608']}]}}
CPU Usage: 39.16666666664241 %
Memory Usage: 31.593711104316608 %
Starting Docker containers...
Database is not available.
Database is up!
Warning messages turned off.
Initializing the database...
Warning messages turned on.
pg_stat_statements extension created.
Executing test SQL statements...
{'status': 'success', 'alert_count': 2, 'explanation': 'NodeCpuHigh triggered alert: node:ins:cpu_usage[ins=] = 0.93 > 70%\n. \nSeverity: WARN. \nState: pending. \nActive since: 2026-07-15T17:34:49.467858611Z. \nValue: 9.331103678927571e-01. \n\nNodeLoadHigh triggered alert: node:ins:stdload1[ins=] = 2.09 > 100%\n. \nSeverity: WARN. \nState: pending. \nActive since: 2026-07-15T17:34:49.467858611Z. \nValue: 2.09e+00. \n\n'}
{'status': 'success', 'function_name': 'get_alert_metrics', 'explanation': {'status': 'success', 'function_name': 'get_alert_metrics', 'explanation': 'node:ins:cpu_usage triggered alert: node:ins:cpu_usage[ins=] = 0.93 > 70%\n. \nData description for node:ins:cpu_usage: the max value is 0.93, the min value is 0.93, the mean value is 0.93, the deviation value is 0.0, and the evenly_sampled_values are [0.93, 0.93, 0.93, 0.93, 0.93, 0.93, 0.93, 0.93, 0.93, 0.93, 0.93]. \n\nnode:ins:stdload1 triggered alert: node:ins:stdload1[ins=] = 2.09 > 100%\n. \nData description for node:ins:stdload1: the max value is 2.09, the min value is 2.09, the mean value is 2.09, the deviation value is 0.0, and the evenly_sampled_values are [2.09, 2.09, 2.09, 2.09, 2.09, 2.09, 2.09, 2.09, 2.09, 2.09, 2.09]. \n\n'}}
{'status': 'success', 'function_name': 'detect_metric_abnormality', 'explanation': {'status': 'success', 'function_name': 'detect_metric_abnormality', 'explanation': "cpu_usage (Query: avg(irate(node_cpu_seconds_total{mode='user'}[1m])) * 100) is abnormal.\nData description: the max value is 52.17, the min value is 1.33, the mean value is 20.8, the deviation value is 16.25, and the evenly_sampled_values are [1.83, 43.83, 21.5, 18.33, 38.67, 51.0, 13.67, 12.0, 24.0, 1.67, 1.5].\n\nnode_procs_running (Query: node_procs_running) is abnormal.\nData description: the max value is 86.0, the min value is 1.0, the mean value is 10.22, the deviation value is 21.78, and the evenly_sampled_values are [3.0, 44.0, 7.0, 2.0, 4.0, 2.0, 1.0, 1.0, 4.0, 1.0, 2.0].\n\nnode_procs_blocked (Query: node_procs_blocked) is abnormal.\nData description: the max value is 4.0, the min value is 0.0, the mean value is 0.89, the deviation value is 1.15, and the evenly_sampled_values are [0.0, 0.0, 0.0, 0.0, 0.0, 1.0, 2.0, 3.0, 4.0, 0.0, 0.0].\n\nnode_entropy_available_bits (Query: node_entropy_available_bits) is abnormal.\nData description: the max value is 256.0, the min value is 256.0, the mean value is 256.0, the deviation value is 0.0, and the evenly_sampled_values are [256.0, 256.0, 256.0, 256.0, 256.0, 256.0, 256.0, 256.0, 256.0, 256.0, 256.0].\n\nnode_load1 (Query: node_load1) is abnormal.\nData description: the max value is 4.18, the min value is 1.72, the mean value is 2.82, the deviation value is 0.81, and the evenly_sampled_values are [1.87, 1.72, 2.25, 2.05, 2.53, 2.52, 3.15, 4.18, 4.0, 3.76, 3.18].\n\nnode_load5 (Query: node_load5) is abnormal.\nData description: the max value is 1.76, the min value is 1.02, the mean value is 1.4, the deviation value is 0.28, and the evenly_sampled_values are [1.04, 1.02, 1.15, 1.15, 1.26, 1.3, 1.47, 1.72, 1.76, 1.75, 1.69].\n\nnode_load15 (Query: node_load15) is abnormal.\nData description: the max value is 0.97, the min value is 0.7, the mean value is 0.84, the deviation value is 0.1, and the evenly_sampled_values are [0.7, 0.7, 0.74, 0.75, 0.79, 0.8, 0.87, 0.95, 0.97, 0.97, 0.96].\n\npg_settings_random_page_cost (Query: pg_settings_random_page_cost) is abnormal.\nData description: the max value is 4.0, the min value is 4.0, the mean value is 4.0, the deviation value is 0.0, and the evenly_sampled_values are [4.0, 4.0, 4.0, 4.0, 4.0, 4.0, 4.0, 4.0, 4.0, 4.0, 4.0, 4.0].\n\npg_settings_max_worker_processes (Query: pg_settings_max_worker_processes) is abnormal.\nData description: the max value is 8.0, the min value is 8.0, the mean value is 8.0, the deviation value is 0.0, and the evenly_sampled_values are [8.0, 8.0, 8.0, 8.0, 8.0, 8.0, 8.0, 8.0, 8.0, 8.0, 8.0, 8.0].\n\npg_settings_max_parallel_workers (Query: pg_settings_max_parallel_workers) is abnormal.\nData description: the max value is 8.0, the min value is 8.0, the mean value is 8.0, the deviation value is 0.0, and the evenly_sampled_values are [8.0, 8.0, 8.0, 8.0, 8.0, 8.0, 8.0, 8.0, 8.0, 8.0, 8.0, 8.0].\n\npg_active_connection_count (Query: pg_stat_activity_count{state='active'} != 0) is abnormal.\nData description: the max value is 99.0, the min value is 1.0, the mean value is 26.49, the deviation value is 30.5, and the evenly_sampled_values are [1.0, 1.0, 2.0, 14.0, 34.0, 48.0, 43.0, 2.0, 46.0, 2.0, 2.0, 3.0].\n\n"}}
{'status': 'success', 'function_name': 'get_rag', 'explanation': {'status': 'success', 'function_name': 'get_rag', 'explanation': 'For expert WorkloadExpert, the following knowledge is matched: \n'}}
Error: extension "pg_stat_statements" already exists

{'status': 'success', 'function_name': 'get_slow_query', 'explanation': 'Here are the commands that took longest time:\nNone'}
