Text written to badsql.txt
00:11:20
00:12:21
<Response [200]>
<Response [200]>
cpu_usage:  {'status': 'success', 'data': {'resultType': 'vector', 'result': [{'metric': {'instance': 'node_exporter:9100'}, 'value': [1784131961.091, '57.50000000001213']}]}}  memory_usage:  {'status': 'success', 'data': {'resultType': 'vector', 'result': [{'metric': {'instance': 'node_exporter:9100', 'job': 'node_exporter'}, 'value': [1784131961.095, '33.800517192123095']}]}}
CPU Usage: 57.50000000001213 %
Memory Usage: 33.800517192123095 %
PostgreSQL Service Rebooted
[EXCEPTION] connection to server at "localhost" (127.0.0.1), port 5432 failed: server closed the connection unexpectedly
	This probably means the server terminated abnormally
	before or while processing the request.

Starting Docker containers...
Database is not available.
Database is up!
Warning messages turned off.
Initializing the database...
Warning messages turned on.
pg_stat_statements extension created.
Executing test SQL statements...
{'status': 'success', 'alert_count': 0, 'explanation': ''}
{'status': 'success', 'function_name': 'get_alert_metrics', 'explanation': {'status': 'success', 'function_name': 'get_alert_metrics', 'explanation': ''}}
{'status': 'success', 'function_name': 'detect_metric_abnormality', 'explanation': {'status': 'success', 'function_name': 'detect_metric_abnormality', 'explanation': "node_procs_running (Query: node_procs_running) is abnormal.\nData description: the max value is 100.0, the min value is 1.0, the mean value is 14.09, the deviation value is 27.45, and the evenly_sampled_values are [1.0, 12.0, 1.0, 1.0, 21.0, 26.0, 100.0, 1.0, 1.0, 1.0, 2.0].\n\nnode_procs_blocked (Query: node_procs_blocked) is abnormal.\nData description: the max value is 4.0, the min value is 0.0, the mean value is 1.26, the deviation value is 1.3, and the evenly_sampled_values are [1.0, 0.0, 4.0, 2.0, 0.0, 0.0, 1.0, 1.0, 4.0, 1.0, 1.0].\n\nnode_entropy_available_bits (Query: node_entropy_available_bits) is abnormal.\nData description: the max value is 256.0, the min value is 256.0, the mean value is 256.0, the deviation value is 0.0, and the evenly_sampled_values are [256.0, 256.0, 256.0, 256.0, 256.0, 256.0, 256.0, 256.0, 256.0, 256.0, 256.0].\n\nnode_load1 (Query: node_load1) is abnormal.\nData description: the max value is 21.38, the min value is 0.58, the mean value is 10.48, the deviation value is 7.22, and the evenly_sampled_values are [0.64, 0.62, 1.13, 1.18, 9.1, 10.08, 21.38, 19.91, 17.15, 14.74, 13.56].\n\nnode_load5 (Query: node_load5) is abnormal.\nData description: the max value is 5.16, the min value is 0.23, the mean value is 2.97, the deviation value is 2.05, and the evenly_sampled_values are [0.23, 0.24, 0.35, 0.39, 2.04, 2.47, 5.16, 5.12, 5.02, 4.9, 4.82].\n\nnode_load15 (Query: node_load15) is abnormal.\nData description: the max value is 1.72, the min value is 0.07, the mean value is 1.01, the deviation value is 0.71, and the evenly_sampled_values are [0.07, 0.07, 0.11, 0.13, 0.66, 0.82, 1.71, 1.72, 1.72, 1.72, 1.71].\n\npg_settings_random_page_cost (Query: pg_settings_random_page_cost) is abnormal.\nData description: the max value is 4.0, the min value is 4.0, the mean value is 4.0, the deviation value is 0.0, and the evenly_sampled_values are [4.0, 4.0, 4.0, 4.0, 4.0, 4.0, 4.0, 4.0, 4.0, 4.0, 4.0].\n\npg_settings_max_worker_processes (Query: pg_settings_max_worker_processes) is abnormal.\nData description: the max value is 8.0, the min value is 8.0, the mean value is 8.0, the deviation value is 0.0, and the evenly_sampled_values are [8.0, 8.0, 8.0, 8.0, 8.0, 8.0, 8.0, 8.0, 8.0, 8.0, 8.0].\n\npg_settings_max_parallel_workers (Query: pg_settings_max_parallel_workers) is abnormal.\nData description: the max value is 8.0, the min value is 8.0, the mean value is 8.0, the deviation value is 0.0, and the evenly_sampled_values are [8.0, 8.0, 8.0, 8.0, 8.0, 8.0, 8.0, 8.0, 8.0, 8.0, 8.0].\n\npg_active_connection_count (Query: pg_stat_activity_count{state='active'} != 0) is abnormal.\nData description: the max value is 91.0, the min value is 1.0, the mean value is 20.38, the deviation value is 24.72, and the evenly_sampled_values are [1.0, 77.0, 44.0, 33.0, 32.0, 59.0, 39.0, 5.0, 7.0, 2.0, 2.0].\n\n"}}
{'status': 'success', 'function_name': 'get_rag', 'explanation': {'status': 'success', 'function_name': 'get_rag', 'explanation': 'For expert WorkloadExpert, the following knowledge is matched: \n'}}
Error: connection to server at "localhost" (127.0.0.1), port 5432 failed: server closed the connection unexpectedly
	This probably means the server terminated abnormally
	before or while processing the request.

{'status': 'success', 'function_name': 'get_slow_query', 'explanation': 'Here are the commands that took longest time:\nNone'}
