INFO:root:Starting engine with configuration: /home/ecs-user/SMTR/artifacts/marble/outputs/b0_smoke_live_v2/workspace/marble_config.yaml
 Network db_env_docker_default Creating 
 Network db_env_docker_default Created 
 Container db_env_docker-node_exporter-1 Creating 
 Container db_env_docker-pg_exporter-1 Creating 
 Container db_env_docker-prometheus-1 Creating 
 Container db_env_docker-postgres_db-1 Creating 
 Container db_env_docker-pg_exporter-1 Created 
 Container db_env_docker-node_exporter-1 Created 
 Container db_env_docker-prometheus-1 Created 
 Container db_env_docker-postgres_db-1 Created 
 Container db_env_docker-prometheus-1 Starting 
 Container db_env_docker-pg_exporter-1 Starting 
 Container db_env_docker-postgres_db-1 Starting 
 Container db_env_docker-node_exporter-1 Starting 
 Container db_env_docker-prometheus-1 Started 
 Container db_env_docker-node_exporter-1 Started 
 Container db_env_docker-postgres_db-1 Started 
 Container db_env_docker-pg_exporter-1 Started 
Traceback (most recent call last):
  File "/home/ecs-user/MARBLE/marble/environments/db_env_docker/anomaly_trigger/main.py", line 3, in <module>
    import anomaly
  File "/home/ecs-user/MARBLE/marble/environments/db_env_docker/anomaly_trigger/anomaly.py", line 9, in <module>
    from utils.database import DB_CONFIG, Database, DBArgs
  File "/home/ecs-user/MARBLE/marble/environments/db_env_docker/anomaly_trigger/utils/database.py", line 9, in <module>
    import pymysql
ModuleNotFoundError: No module named 'pymysql'
 Container db_env_docker-node_exporter-1 Stopping 
 Container db_env_docker-pg_exporter-1 Stopping 
 Container db_env_docker-prometheus-1 Stopping 
 Container db_env_docker-postgres_db-1 Stopping 
 Container db_env_docker-node_exporter-1 Stopped 
 Container db_env_docker-node_exporter-1 Removing 
 Container db_env_docker-node_exporter-1 Removed 
 Container db_env_docker-prometheus-1 Stopped 
 Container db_env_docker-prometheus-1 Removing 
 Container db_env_docker-prometheus-1 Removed 
 Container db_env_docker-pg_exporter-1 Stopped 
 Container db_env_docker-pg_exporter-1 Removing 
 Container db_env_docker-pg_exporter-1 Removed 
 Container db_env_docker-postgres_db-1 Stopped 
 Container db_env_docker-postgres_db-1 Removing 
 Container db_env_docker-postgres_db-1 Removed 
 Network db_env_docker_default Removing 
 Network db_env_docker_default Removed 
ERROR:root:An error occurred while running the engine with configuration: /home/ecs-user/SMTR/artifacts/marble/outputs/b0_smoke_live_v2/workspace/marble_config.yaml
Traceback (most recent call last):
  File "/home/ecs-user/MARBLE/marble/main.py", line 52, in main
    engine = Engine(config)
             ^^^^^^^^^^^^^^
  File "/home/ecs-user/MARBLE/marble/engine/engine.py", line 72, in __init__
    self.environment = self._initialize_environment(config.environment)
                       ^^^^^^^^^^^^^^^^^^^^^^^^^^^^^^^^^^^^^^^^^^^^^^^^
  File "/home/ecs-user/MARBLE/marble/engine/engine.py", line 138, in _initialize_environment
    env6 = DBEnvironment(name="DB Environment", config=env_config)
           ^^^^^^^^^^^^^^^^^^^^^^^^^^^^^^^^^^^^^^^^^^^^^^^^^^^^^^^
  File "/home/ecs-user/MARBLE/marble/environments/db_env.py", line 72, in __init__
    self.initialize_database(config)
  File "/home/ecs-user/MARBLE/marble/environments/db_env.py", line 173, in initialize_database
    subprocess.run(
  File "/usr/lib/python3.12/subprocess.py", line 571, in run
    raise CalledProcessError(retcode, process.args,
subprocess.CalledProcessError: Command '['python', 'main.py', '--anomaly', 'INSERT_LARGE_DATA', '--threads', '100', '--ncolumn', '20', '--colsize', '100']' returned non-zero exit status 1.
